2026-07-17 08:15:23 INFO User 'john' logged in successfully.
2026-07-17 08:18:41 WARNING Failed login attempt for user 'admin' from IP 192.168.1.45.
2026-07-17 08:20:12 INFO Backup process started.
2026-07-17 08:25:50 ERROR Database connection failed.
2026-07-17 08:28:17 INFO File uploaded successfully.
2026-07-17 08:30:44 WARNING Unauthorized access attempt to /admin/dashboard.
2026-07-17 08:33:01 INFO User 'alice' changed password.
2026-07-17 08:36:55 ERROR Disk read error on Drive D:.
2026-07-17 08:40:11 INFO Scheduled maintenance completed.
2026-07-17 08:45:33 ALERT Possible brute force attack detected from IP 203.0.113.45.
2026-07-17 08:47:02 WARNING Failed login attempt for user 'guest'.
2026-07-17 08:49:20 INFO Email notification sent.
2026-07-17 08:52:14 ERROR Invalid API key provided.
2026-07-17 08:55:30 INFO Service restarted successfully.
2026-07-17 09:00:18 WARNING Unauthorized file download attempt.
2026-07-17 09:03:42 INFO Configuration updated.
2026-07-17 09:06:55 ERROR Memory allocation error.
2026-07-17 09:10:08 ALERT SQL injection attack blocked.
2026-07-17 09:12:29 INFO User 'mark' logged out.
2026-07-17 09:15:45 WARNING Failed password verification.
2026-07-17 09:18:50 ERROR Network timeout error.
2026-07-17 09:22:14 INFO System health check passed.
2026-07-17 09:25:38 ALERT DDoS attack detected and mitigated.
2026-07-17 09:30:00 INFO Daily report generated successfully.